// Jest Snapshot v1, https://goo.gl/fbAQLP

exports[`<PostCard /> should match snapshot 1`] = `
<div
  class="post"
>
  <img
    alt="titulo1"
    src="img/img.png"
  />
  <div
    class="postContent"
  >
    <h2>
      titulo1
    </h2>
    <p>
      body 1
    </p>
  </div>
</div>
`;
